Command line invocation:
    /Applications/Xcode.app/Contents/Developer/usr/bin/xcodebuild -project LazyBones.xcodeproj -scheme LazyBones -destination "platform=iOS Simulator,name=iPhone 15 Pro" build

ComputePackagePrebuildTargetDependencyGraph

Prepare packages

CreateBuildRequest

SendProjectDescription

CreateBuildOperation

ComputeTargetDependencyGraph
note: Building targets in dependency order
note: Target dependency graph (2 targets)
    Target 'LazyBones' in project 'LazyBones'
        ➜ Explicit dependency on target 'LazyBonesWidgetExtension' in project 'LazyBones'
    Target 'LazyBonesWidgetExtension' in project 'LazyBones' (no dependencies)

GatherProvisioningInputs

CreateBuildDescription

ExecuteExternalTool /Applications/Xcode.app/Contents/Developer/Toolchains/XcodeDefault.xctoolchain/usr/bin/clang -v -E -dM -isysroot /Applications/Xcode.app/Contents/Developer/Platforms/iPhoneSimulator.platform/Developer/SDKs/iPhoneSimulator26.0.sdk -x c -c /dev/null

ExecuteExternalTool /Applications/Xcode.app/Contents/Developer/usr/bin/actool --version --output-format xml1

ExecuteExternalTool /Applications/Xcode.app/Contents/Developer/Toolchains/XcodeDefault.xctoolchain/usr/bin/swiftc --version

ExecuteExternalTool /Applications/Xcode.app/Contents/Developer/usr/bin/actool --print-asset-tag-combinations --output-format xml1 /Users/denisrumin/Documents/ios/LazyBonesIOS/LazyBones/Assets.xcassets

ExecuteExternalTool /Applications/Xcode.app/Contents/Developer/Toolchains/XcodeDefault.xctoolchain/usr/bin/ld -version_details

Build description signature: 064df324255e453863c628a7879eadf9
Build description path: /Users/denisrumin/Library/Developer/Xcode/DerivedData/LazyBones-bticvccskedrbodyvkjdmoktzllo/Build/Intermediates.noindex/XCBuildData/064df324255e453863c628a7879eadf9.xcbuilddata
ClangStatCache /Applications/Xcode.app/Contents/Developer/Toolchains/XcodeDefault.xctoolchain/usr/bin/clang-stat-cache /Applications/Xcode.app/Contents/Developer/Platforms/iPhoneSimulator.platform/Developer/SDKs/iPhoneSimulator26.0.sdk /Users/denisrumin/Library/Developer/Xcode/DerivedData/SDKStatCaches.noindex/iphonesimulator26.0-23A339-26257891a6c027eb51374368541b8346.sdkstatcache
    cd /Users/denisrumin/Documents/ios/LazyBonesIOS/LazyBones.xcodeproj
    /Applications/Xcode.app/Contents/Developer/Toolchains/XcodeDefault.xctoolchain/usr/bin/clang-stat-cache /Applications/Xcode.app/Contents/Developer/Platforms/iPhoneSimulator.platform/Developer/SDKs/iPhoneSimulator26.0.sdk -o /Users/denisrumin/Library/Developer/Xcode/DerivedData/SDKStatCaches.noindex/iphonesimulator26.0-23A339-26257891a6c027eb51374368541b8346.sdkstatcache

ProcessInfoPlistFile /Users/denisrumin/Library/Developer/Xcode/DerivedData/LazyBones-bticvccskedrbodyvkjdmoktzllo/Build/Products/Debug-iphonesimulator/LazyBonesWidgetExtension.appex/Info.plist /Users/denisrumin/Documents/ios/LazyBonesIOS/LazyBonesWidget/Info.plist (in target 'LazyBonesWidgetExtension' from project 'LazyBones')
    cd /Users/denisrumin/Documents/ios/LazyBonesIOS
    builtin-infoPlistUtility /Users/denisrumin/Documents/ios/LazyBonesIOS/LazyBonesWidget/Info.plist -producttype com.apple.product-type.app-extension -expandbuildsettings -format binary -platform iphonesimulator -additionalcontentfile /Users/denisrumin/Library/Developer/Xcode/DerivedData/LazyBones-bticvccskedrbodyvkjdmoktzllo/Build/Intermediates.noindex/LazyBones.build/Debug-iphonesimulator/LazyBonesWidgetExtension.build/assetcatalog_generated_info.plist -o /Users/denisrumin/Library/Developer/Xcode/DerivedData/LazyBones-bticvccskedrbodyvkjdmoktzllo/Build/Products/Debug-iphonesimulator/LazyBonesWidgetExtension.appex/Info.plist

ProcessInfoPlistFile /Users/denisrumin/Library/Developer/Xcode/DerivedData/LazyBones-bticvccskedrbodyvkjdmoktzllo/Build/Products/Debug-iphonesimulator/LazyBones.app/Info.plist /Users/denisrumin/Documents/ios/LazyBonesIOS/LazyBones/Info.plist (in target 'LazyBones' from project 'LazyBones')
    cd /Users/denisrumin/Documents/ios/LazyBonesIOS
    builtin-infoPlistUtility /Users/denisrumin/Documents/ios/LazyBonesIOS/LazyBones/Info.plist -producttype com.apple.product-type.application -genpkginfo /Users/denisrumin/Library/Developer/Xcode/DerivedData/LazyBones-bticvccskedrbodyvkjdmoktzllo/Build/Products/Debug-iphonesimulator/LazyBones.app/PkgInfo -expandbuildsettings -format binary -platform iphonesimulator -additionalcontentfile /Users/denisrumin/Library/Developer/Xcode/DerivedData/LazyBones-bticvccskedrbodyvkjdmoktzllo/Build/Intermediates.noindex/LazyBones.build/Debug-iphonesimulator/LazyBones.build/assetcatalog_generated_info.plist -scanforprivacyfile /Users/denisrumin/Library/Developer/Xcode/DerivedData/LazyBones-bticvccskedrbodyvkjdmoktzllo/Build/Products/Debug-iphonesimulator/LazyBones.app/PlugIns/LazyBonesWidgetExtension.appex -o /Users/denisrumin/Library/Developer/Xcode/DerivedData/LazyBones-bticvccskedrbodyvkjdmoktzllo/Build/Products/Debug-iphonesimulator/LazyBones.app/Info.plist

CopySwiftLibs /Users/denisrumin/Library/Developer/Xcode/DerivedData/LazyBones-bticvccskedrbodyvkjdmoktzllo/Build/Products/Debug-iphonesimulator/LazyBones.app (in target 'LazyBones' from project 'LazyBones')
    cd /Users/denisrumin/Documents/ios/LazyBonesIOS
    builtin-swiftStdLibTool --copy --verbose --sign - --scan-executable /Users/denisrumin/Library/Developer/Xcode/DerivedData/LazyBones-bticvccskedrbodyvkjdmoktzllo/Build/Products/Debug-iphonesimulator/LazyBones.app/LazyBones.debug.dylib --scan-folder /Users/denisrumin/Library/Developer/Xcode/DerivedData/LazyBones-bticvccskedrbodyvkjdmoktzllo/Build/Products/Debug-iphonesimulator/LazyBones.app/Frameworks --scan-folder /Users/denisrumin/Library/Developer/Xcode/DerivedData/LazyBones-bticvccskedrbodyvkjdmoktzllo/Build/Products/Debug-iphonesimulator/LazyBones.app/PlugIns --scan-folder /Users/denisrumin/Library/Developer/Xcode/DerivedData/LazyBones-bticvccskedrbodyvkjdmoktzllo/Build/Products/Debug-iphonesimulator/LazyBones.app/SystemExtensions --scan-folder /Users/denisrumin/Library/Developer/Xcode/DerivedData/LazyBones-bticvccskedrbodyvkjdmoktzllo/Build/Products/Debug-iphonesimulator/LazyBones.app/Extensions --platform iphonesimulator --toolchain /Applications/Xcode.app/Contents/Developer/Toolchains/XcodeDefault.xctoolchain --destination /Users/denisrumin/Library/Developer/Xcode/DerivedData/LazyBones-bticvccskedrbodyvkjdmoktzllo/Build/Products/Debug-iphonesimulator/LazyBones.app/Frameworks --strip-bitcode --strip-bitcode-tool /Applications/Xcode.app/Contents/Developer/Toolchains/XcodeDefault.xctoolchain/usr/bin/bitcode_strip --emit-dependency-info /Users/denisrumin/Library/Developer/Xcode/DerivedData/LazyBones-bticvccskedrbodyvkjdmoktzllo/Build/Intermediates.noindex/LazyBones.build/Debug-iphonesimulator/LazyBones.build/SwiftStdLibToolInputDependencies.dep --filter-for-swift-os

** BUILD SUCCEEDED **

